[    0.000000] microcode: microcode updated early to revision 0xc2, date = 2017-11-16
[    0.000000] Linux version 4.17.0-task5-00001-g662698d-dirty (root@vkalyanam-Lenovo-B41-80) (gcc version 5.4.0 20160609 (Ubuntu 5.4.0-6ubuntu1~16.04.9)) #3 SMP Wed May 9 09:10:36 IST 2018
[    0.000000] Command line: BOOT_IMAGE=/boot/vmlinuz-4.17.0-task5-00001-g662698d-dirty root=UUID=0307c042-1dac-4a6c-83e2-d1ad3d92fe11 ro quiet splash
[    0.000000] KERNEL supported cpus:
[    0.000000]   Intel GenuineIntel
[    0.000000]   AMD AuthenticAMD
[    0.000000]   Centaur CentaurHauls
[    0.000000] x86/fpu: Supporting XSAVE feature 0x001: 'x87 floating point registers'
[    0.000000] x86/fpu: Supporting XSAVE feature 0x002: 'SSE registers'
[    0.000000] x86/fpu: Supporting XSAVE feature 0x004: 'AVX registers'
[    0.000000] x86/fpu: Supporting XSAVE feature 0x008: 'MPX bounds registers'
[    0.000000] x86/fpu: Supporting XSAVE feature 0x010: 'MPX CSR'
[    0.000000] x86/fpu: xstate_offset[2]:  576, xstate_sizes[2]:  256
[    0.000000] x86/fpu: xstate_offset[3]:  832, xstate_sizes[3]:   64
[    0.000000] x86/fpu: xstate_offset[4]:  896, xstate_sizes[4]:   64
[    0.000000] x86/fpu: Enabled xstate features 0x1f, context size is 960 bytes, using 'compacted' format.
[    0.000000] e820: BIOS-provided physical RAM map:
[    0.000000] BIOS-e820: [mem 0x0000000000000000-0x000000000009e7ff] usable
[    0.000000] BIOS-e820: [mem 0x000000000009e800-0x000000000009ffff] reserved
[    0.000000] BIOS-e820: [mem 0x00000000000e0000-0x00000000000fffff] reserved
[    0.000000] BIOS-e820: [mem 0x0000000000100000-0x000000008e879fff] usable
[    0.000000] BIOS-e820: [mem 0x000000008e87a000-0x000000008e87afff] ACPI NVS
[    0.000000] BIOS-e820: [mem 0x000000008e87b000-0x000000008e8a4fff] reserved
[    0.000000] BIOS-e820: [mem 0x000000008e8a5000-0x000000008e952fff] usable
[    0.000000] BIOS-e820: [mem 0x000000008e953000-0x000000008f352fff] reserved
[    0.000000] BIOS-e820: [mem 0x000000008f353000-0x00000000a5567fff] usable
[    0.000000] BIOS-e820: [mem 0x00000000a5568000-0x00000000a5f57fff] reserved
[    0.000000] BIOS-e820: [mem 0x00000000a5f58000-0x00000000a7f57fff] ACPI NVS
[    0.000000] BIOS-e820: [mem 0x00000000a7f58000-0x00000000a7ffdfff] ACPI data
[    0.000000] BIOS-e820: [mem 0x00000000a7ffe000-0x00000000a7ffefff] usable
[    0.000000] BIOS-e820: [mem 0x00000000a7fff000-0x00000000a80fffff] reserved
[    0.000000] BIOS-e820: [mem 0x00000000a9000000-0x00000000ac7fffff] reserved
[    0.000000] BIOS-e820: [mem 0x00000000e0000000-0x00000000efffffff] reserved
[    0.000000] BIOS-e820: [mem 0x00000000fd000000-0x00000000fe7fffff] reserved
[    0.000000] BIOS-e820: [mem 0x00000000feb00000-0x00000000feb03fff] reserved
[    0.000000] BIOS-e820: [mem 0x00000000fec00000-0x00000000fec00fff] reserved
[    0.000000] BIOS-e820: [mem 0x00000000fed00000-0x00000000fed00fff] reserved
[    0.000000] BIOS-e820: [mem 0x00000000fed10000-0x00000000fed19fff] reserved
[    0.000000] BIOS-e820: [mem 0x00000000fed84000-0x00000000fed84fff] reserved
[    0.000000] BIOS-e820: [mem 0x00000000fee00000-0x00000000fee00fff] reserved
[    0.000000] BIOS-e820: [mem 0x00000000ffa00000-0x00000000ffffffff] reserved
[    0.000000] BIOS-e820: [mem 0x0000000100000000-0x00000002527fffff] usable
[    0.000000] NX (Execute Disable) protection: active
[    0.000000] SMBIOS 2.8 present.
[    0.000000] DMI: LENOVO 80LG/Lenovo B41-80, BIOS D7CN28WW(V3.01) 01/27/2016
[    0.000000] e820: update [mem 0x00000000-0x00000fff] usable ==> reserved
[    0.000000] e820: remove [mem 0x000a0000-0x000fffff] usable
[    0.000000] e820: last_pfn = 0x252800 max_arch_pfn = 0x400000000
[    0.000000] MTRR default type: uncachable
[    0.000000] MTRR fixed ranges enabled:
[    0.000000]   00000-9FFFF write-back
[    0.000000]   A0000-BFFFF uncachable
[    0.000000]   C0000-FFFFF write-protect
[    0.000000] MTRR variable ranges enabled:
[    0.000000]   0 base 0000000000 mask 7C00000000 write-back
[    0.000000]   1 base 00A7FFF000 mask 7FFFFFF000 uncachable
[    0.000000]   2 base 00A8000000 mask 7FF8000000 uncachable
[    0.000000]   3 base 00B0000000 mask 7FF0000000 uncachable
[    0.000000]   4 base 00C0000000 mask 7FC0000000 uncachable
[    0.000000]   5 disabled
[    0.000000]   6 disabled
[    0.000000]   7 disabled
[    0.000000]   8 disabled
[    0.000000]   9 disabled
[    0.000000] x86/PAT: Configuration [0-7]: WB  WC  UC- UC  WB  WP  UC- WT  
[    0.000000] total RAM covered: 14975M
[    0.000000]  gran_size: 64K 	chunk_size: 64K 	num_reg: 10  	lose cover RAM: 12583420K
[    0.000000]  gran_size: 64K 	chunk_size: 128K 	num_reg: 6  	lose cover RAM: 60K
[    0.000000]  gran_size: 64K 	chunk_size: 256K 	num_reg: 6  	lose cover RAM: 60K
[    0.000000]  gran_size: 64K 	chunk_size: 512K 	num_reg: 6  	lose cover RAM: 60K
[    0.000000]  gran_size: 64K 	chunk_size: 1M 	num_reg: 6  	lose cover RAM: 60K
[    0.000000]  gran_size: 64K 	chunk_size: 2M 	num_reg: 6  	lose cover RAM: 60K
[    0.000000]  gran_size: 64K 	chunk_size: 4M 	num_reg: 6  	lose cover RAM: 60K
[    0.000000]  gran_size: 64K 	chunk_size: 8M 	num_reg: 6  	lose cover RAM: 60K
[    0.000000]  gran_size: 64K 	chunk_size: 16M 	num_reg: 6  	lose cover RAM: 60K
[    0.000000]  gran_size: 64K 	chunk_size: 32M 	num_reg: 6  	lose cover RAM: 60K
[    0.000000]  gran_size: 64K 	chunk_size: 64M 	num_reg: 6  	lose cover RAM: 60K
[    0.000000]  gran_size: 64K 	chunk_size: 128M 	num_reg: 6  	lose cover RAM: 60K
[    0.000000]  gran_size: 64K 	chunk_size: 256M 	num_reg: 7  	lose cover RAM: 60K
[    0.000000]  gran_size: 64K 	chunk_size: 512M 	num_reg: 7  	lose cover RAM: 60K
[    0.000000]  gran_size: 64K 	chunk_size: 1G 	num_reg: 7  	lose cover RAM: 60K
[    0.000000]  gran_size: 64K 	chunk_size: 2G 	num_reg: 7  	lose cover RAM: 60K
[    0.000000]  gran_size: 128K 	chunk_size: 128K 	num_reg: 10  	lose cover RAM: 12583420K
[    0.000000]  gran_size: 128K 	chunk_size: 256K 	num_reg: 6  	lose cover RAM: 124K
[    0.000000]  gran_size: 128K 	chunk_size: 512K 	num_reg: 6  	lose cover RAM: 124K
[    0.000000]  gran_size: 128K 	chunk_size: 1M 	num_reg: 6  	lose cover RAM: 124K
[    0.000000]  gran_size: 128K 	chunk_size: 2M 	num_reg: 6  	lose cover RAM: 124K
[    0.000000]  gran_size: 128K 	chunk_size: 4M 	num_reg: 6  	lose cover RAM: 124K
[    0.000000]  gran_size: 128K 	chunk_size: 8M 	num_reg: 6  	lose cover RAM: 124K
[    0.000000]  gran_size: 128K 	chunk_size: 16M 	num_reg: 6  	lose cover RAM: 124K
[    0.000000]  gran_size: 128K 	chunk_size: 32M 	num_reg: 6  	lose cover RAM: 124K
[    0.000000]  gran_size: 128K 	chunk_size: 64M 	num_reg: 6  	lose cover RAM: 124K
[    0.000000]  gran_size: 128K 	chunk_size: 128M 	num_reg: 6  	lose cover RAM: 124K
[    0.000000]  gran_size: 128K 	chunk_size: 256M 	num_reg: 7  	lose cover RAM: 124K
[    0.000000]  gran_size: 128K 	chunk_size: 512M 	num_reg: 7  	lose cover RAM: 124K
[    0.000000]  gran_size: 128K 	chunk_size: 1G 	num_reg: 7  	lose cover RAM: 124K
[    0.000000]  gran_size: 128K 	chunk_size: 2G 	num_reg: 7  	lose cover RAM: 124K
[    0.000000]  gran_size: 256K 	chunk_size: 256K 	num_reg: 10  	lose cover RAM: 12583420K
[    0.000000]  gran_size: 256K 	chunk_size: 512K 	num_reg: 6  	lose cover RAM: 252K
[    0.000000]  gran_size: 256K 	chunk_size: 1M 	num_reg: 6  	lose cover RAM: 252K
[    0.000000]  gran_size: 256K 	chunk_size: 2M 	num_reg: 6  	lose cover RAM: 252K
[    0.000000]  gran_size: 256K 	chunk_size: 4M 	num_reg: 6  	lose cover RAM: 252K
[    0.000000]  gran_size: 256K 	chunk_size: 8M 	num_reg: 6  	lose cover RAM: 252K
[    0.000000]  gran_size: 256K 	chunk_size: 16M 	num_reg: 6  	lose cover RAM: 252K
[    0.000000]  gran_size: 256K 	chunk_size: 32M 	num_reg: 6  	lose cover RAM: 252K
[    0.000000]  gran_size: 256K 	chunk_size: 64M 	num_reg: 6  	lose cover RAM: 252K
[    0.000000]  gran_size: 256K 	chunk_size: 128M 	num_reg: 6  	lose cover RAM: 252K
[    0.000000]  gran_size: 256K 	chunk_size: 256M 	num_reg: 7  	lose cover RAM: 252K
[    0.000000]  gran_size: 256K 	chunk_size: 512M 	num_reg: 7  	lose cover RAM: 252K
[    0.000000]  gran_size: 256K 	chunk_size: 1G 	num_reg: 7  	lose cover RAM: 252K
[    0.000000]  gran_size: 256K 	chunk_size: 2G 	num_reg: 7  	lose cover RAM: 252K
[    0.000000]  gran_size: 512K 	chunk_size: 512K 	num_reg: 10  	lose cover RAM: 12583420K
[    0.000000]  gran_size: 512K 	chunk_size: 1M 	num_reg: 6  	lose cover RAM: 508K
[    0.000000]  gran_size: 512K 	chunk_size: 2M 	num_reg: 6  	lose cover RAM: 508K
[    0.000000]  gran_size: 512K 	chunk_size: 4M 	num_reg: 6  	lose cover RAM: 508K
[    0.000000]  gran_size: 512K 	chunk_size: 8M 	num_reg: 6  	lose cover RAM: 508K
[    0.000000]  gran_size: 512K 	chunk_size: 16M 	num_reg: 6  	lose cover RAM: 508K
[    0.000000]  gran_size: 512K 	chunk_size: 32M 	num_reg: 6  	lose cover RAM: 508K
[    0.000000]  gran_size: 512K 	chunk_size: 64M 	num_reg: 6  	lose cover RAM: 508K
[    0.000000]  gran_size: 512K 	chunk_size: 128M 	num_reg: 6  	lose cover RAM: 508K
[    0.000000]  gran_size: 512K 	chunk_size: 256M 	num_reg: 7  	lose cover RAM: 508K
[    0.000000]  gran_size: 512K 	chunk_size: 512M 	num_reg: 7  	lose cover RAM: 508K
[    0.000000]  gran_size: 512K 	chunk_size: 1G 	num_reg: 7  	lose cover RAM: 508K
[    0.000000]  gran_size: 512K 	chunk_size: 2G 	num_reg: 7  	lose cover RAM: 508K
[    0.000000]  gran_size: 1M 	chunk_size: 1M 	num_reg: 10  	lose cover RAM: 8389628K
[    0.000000]  gran_size: 1M 	chunk_size: 2M 	num_reg: 6  	lose cover RAM: 1020K
[    0.000000]  gran_size: 1M 	chunk_size: 4M 	num_reg: 6  	lose cover RAM: 1020K
[    0.000000]  gran_size: 1M 	chunk_size: 8M 	num_reg: 6  	lose cover RAM: 1020K
[    0.000000]  gran_size: 1M 	chunk_size: 16M 	num_reg: 6  	lose cover RAM: 1020K
[    0.000000]  gran_size: 1M 	chunk_size: 32M 	num_reg: 6  	lose cover RAM: 1020K
[    0.000000]  gran_size: 1M 	chunk_size: 64M 	num_reg: 6  	lose cover RAM: 1020K
[    0.000000]  gran_size: 1M 	chunk_size: 128M 	num_reg: 6  	lose cover RAM: 1020K
[    0.000000]  gran_size: 1M 	chunk_size: 256M 	num_reg: 7  	lose cover RAM: 1020K
[    0.000000]  gran_size: 1M 	chunk_size: 512M 	num_reg: 7  	lose cover RAM: 1020K
[    0.000000]  gran_size: 1M 	chunk_size: 1G 	num_reg: 7  	lose cover RAM: 1020K
[    0.000000]  gran_size: 1M 	chunk_size: 2G 	num_reg: 7  	lose cover RAM: 1020K
[    0.000000]  gran_size: 2M 	chunk_size: 2M 	num_reg: 10  	lose cover RAM: 2044K
[    0.000000]  gran_size: 2M 	chunk_size: 4M 	num_reg: 6  	lose cover RAM: 2044K
[    0.000000]  gran_size: 2M 	chunk_size: 8M 	num_reg: 6  	lose cover RAM: 2044K
[    0.000000]  gran_size: 2M 	chunk_size: 16M 	num_reg: 6  	lose cover RAM: 2044K
[    0.000000]  gran_size: 2M 	chunk_size: 32M 	num_reg: 6  	lose cover RAM: 2044K
[    0.000000]  gran_size: 2M 	chunk_size: 64M 	num_reg: 6  	lose cover RAM: 2044K
[    0.000000]  gran_size: 2M 	chunk_size: 128M 	num_reg: 6  	lose cover RAM: 2044K
[    0.000000]  gran_size: 2M 	chunk_size: 256M 	num_reg: 7  	lose cover RAM: 2044K
[    0.000000]  gran_size: 2M 	chunk_size: 512M 	num_reg: 7  	lose cover RAM: 2044K
[    0.000000]  gran_size: 2M 	chunk_size: 1G 	num_reg: 7  	lose cover RAM: 2044K
[    0.000000]  gran_size: 2M 	chunk_size: 2G 	num_reg: 7  	lose cover RAM: 2044K
[    0.000000]  gran_size: 4M 	chunk_size: 4M 	num_reg: 9  	lose cover RAM: 4092K
[    0.000000]  gran_size: 4M 	chunk_size: 8M 	num_reg: 6  	lose cover RAM: 4092K
[    0.000000]  gran_size: 4M 	chunk_size: 16M 	num_reg: 6  	lose cover RAM: 4092K
[    0.000000]  gran_size: 4M 	chunk_size: 32M 	num_reg: 6  	lose cover RAM: 4092K
[    0.000000]  gran_size: 4M 	chunk_size: 64M 	num_reg: 6  	lose cover RAM: 4092K
[    0.000000]  gran_size: 4M 	chunk_size: 128M 	num_reg: 6  	lose cover RAM: 4092K
[    0.000000]  gran_size: 4M 	chunk_size: 256M 	num_reg: 7  	lose cover RAM: 4092K
[    0.000000]  gran_size: 4M 	chunk_size: 512M 	num_reg: 7  	lose cover RAM: 4092K
[    0.000000]  gran_size: 4M 	chunk_size: 1G 	num_reg: 7  	lose cover RAM: 4092K
[    0.000000]  gran_size: 4M 	chunk_size: 2G 	num_reg: 7  	lose cover RAM: 4092K
[    0.000000]  gran_size: 8M 	chunk_size: 8M 	num_reg: 8  	lose cover RAM: 8188K
[    0.000000]  gran_size: 8M 	chunk_size: 16M 	num_reg: 6  	lose cover RAM: 8188K
[    0.000000]  gran_size: 8M 	chunk_size: 32M 	num_reg: 6  	lose cover RAM: 8188K
[    0.000000]  gran_size: 8M 	chunk_size: 64M 	num_reg: 6  	lose cover RAM: 8188K
[    0.000000]  gran_size: 8M 	chunk_size: 128M 	num_reg: 6  	lose cover RAM: 8188K
[    0.000000]  gran_size: 8M 	chunk_size: 256M 	num_reg: 7  	lose cover RAM: 8188K
[    0.000000]  gran_size: 8M 	chunk_size: 512M 	num_reg: 7  	lose cover RAM: 8188K
[    0.000000]  gran_size: 8M 	chunk_size: 1G 	num_reg: 7  	lose cover RAM: 8188K
[    0.000000]  gran_size: 8M 	chunk_size: 2G 	num_reg: 7  	lose cover RAM: 8188K
[    0.000000]  gran_size: 16M 	chunk_size: 16M 	num_reg: 7  	lose cover RAM: 16380K
[    0.000000]  gran_size: 16M 	chunk_size: 32M 	num_reg: 6  	lose cover RAM: 16380K
[    0.000000]  gran_size: 16M 	chunk_size: 64M 	num_reg: 6  	lose cover RAM: 16380K
[    0.000000]  gran_size: 16M 	chunk_size: 128M 	num_reg: 6  	lose cover RAM: 16380K
[    0.000000]  gran_size: 16M 	chunk_size: 256M 	num_reg: 7  	lose cover RAM: 16380K
[    0.000000]  gran_size: 16M 	chunk_size: 512M 	num_reg: 7  	lose cover RAM: 16380K
[    0.000000]  gran_size: 16M 	chunk_size: 1G 	num_reg: 7  	lose cover RAM: 16380K
[    0.000000]  gran_size: 16M 	chunk_size: 2G 	num_reg: 7  	lose cover RAM: 16380K
[    0.000000]  gran_size: 32M 	chunk_size: 32M 	num_reg: 6  	lose cover RAM: 32764K
[    0.000000]  gran_size: 32M 	chunk_size: 64M 	num_reg: 6  	lose cover RAM: 32764K
[    0.000000]  gran_size: 32M 	chunk_size: 128M 	num_reg: 6  	lose cover RAM: 32764K
[    0.000000]  gran_size: 32M 	chunk_size: 256M 	num_reg: 7  	lose cover RAM: 32764K
[    0.000000]  gran_size: 32M 	chunk_size: 512M 	num_reg: 7  	lose cover RAM: 32764K
[    0.000000]  gran_size: 32M 	chunk_size: 1G 	num_reg: 7  	lose cover RAM: 32764K
[    0.000000]  gran_size: 32M 	chunk_size: 2G 	num_reg: 7  	lose cover RAM: 32764K
[    0.000000]  gran_size: 64M 	chunk_size: 64M 	num_reg: 5  	lose cover RAM: 65532K
[    0.000000]  gran_size: 64M 	chunk_size: 128M 	num_reg: 6  	lose cover RAM: 65532K
[    0.000000]  gran_size: 64M 	chunk_size: 256M 	num_reg: 7  	lose cover RAM: 65532K
[    0.000000]  gran_size: 64M 	chunk_size: 512M 	num_reg: 7  	lose cover RAM: 65532K
[    0.000000]  gran_size: 64M 	chunk_size: 1G 	num_reg: 7  	lose cover RAM: 65532K
[    0.000000]  gran_size: 64M 	chunk_size: 2G 	num_reg: 7  	lose cover RAM: 65532K
[    0.000000]  gran_size: 128M 	chunk_size: 128M 	num_reg: 4  	lose cover RAM: 131068K
[    0.000000]  gran_size: 128M 	chunk_size: 256M 	num_reg: 4  	lose cover RAM: 131068K
[    0.000000]  gran_size: 128M 	chunk_size: 512M 	num_reg: 4  	lose cover RAM: 131068K
[    0.000000]  gran_size: 128M 	chunk_size: 1G 	num_reg: 5  	lose cover RAM: 131068K
[    0.000000]  gran_size: 128M 	chunk_size: 2G 	num_reg: 5  	lose cover RAM: 131068K
[    0.000000]  gran_size: 256M 	chunk_size: 256M 	num_reg: 4  	lose cover RAM: 131068K
[    0.000000]  gran_size: 256M 	chunk_size: 512M 	num_reg: 4  	lose cover RAM: 131068K
[    0.000000]  gran_size: 256M 	chunk_size: 1G 	num_reg: 5  	lose cover RAM: 131068K
[    0.000000]  gran_size: 256M 	chunk_size: 2G 	num_reg: 5  	lose cover RAM: 131068K
[    0.000000]  gran_size: 512M 	chunk_size: 512M 	num_reg: 4  	lose cover RAM: 131068K
[    0.000000]  gran_size: 512M 	chunk_size: 1G 	num_reg: 5  	lose cover RAM: 131068K
[    0.000000]  gran_size: 512M 	chunk_size: 2G 	num_reg: 5  	lose cover RAM: 131068K
[    0.000000]  gran_size: 1G 	chunk_size: 1G 	num_reg: 3  	lose cover RAM: 655356K
[    0.000000]  gran_size: 1G 	chunk_size: 2G 	num_reg: 3  	lose cover RAM: 655356K
[    0.000000]  gran_size: 2G 	chunk_size: 2G 	num_reg: 3  	lose cover RAM: 655356K
[    0.000000] mtrr_cleanup: can not find optimal value
[    0.000000] please specify mtrr_gran_size/mtrr_chunk_size
[    0.000000] e820: update [mem 0xa7fff000-0xffffffff] usable ==> reserved
[    0.000000] e820: last_pfn = 0xa7fff max_arch_pfn = 0x400000000
[    0.000000] found SMP MP-table at [mem 0x000fe1b0-0x000fe1bf] mapped at [        (ptrval)]
[    0.000000] Scanning 1 areas for low memory corruption
[    0.000000] Base memory trampoline at [        (ptrval)] 98000 size 24576
[    0.000000] Using GB pages for direct mapping
[    0.000000] BRK [0x069e2000, 0x069e2fff] PGTABLE
[    0.000000] BRK [0x069e3000, 0x069e3fff] PGTABLE
[    0.000000] BRK [0x069e4000, 0x069e4fff] PGTABLE
[    0.000000] BRK [0x069e5000, 0x069e5fff] PGTABLE
[    0.000000] BRK [0x069e6000, 0x069e6fff] PGTABLE
[    0.000000] BRK [0x069e7000, 0x069e7fff] PGTABLE
[    0.000000] BRK [0x069e8000, 0x069e8fff] PGTABLE
[    0.000000] BRK [0x069e9000, 0x069e9fff] PGTABLE
[    0.000000] RAMDISK: [mem 0x35d05000-0x36e79fff]
[    0.000000] ACPI: Early table checksum verification disabled
[    0.000000] ACPI: RSDP 0x00000000000FE020 000024 (v02 LENOVO)
[    0.000000] ACPI: XSDT 0x00000000A7FCF188 0000F4 (v01 LENOVO CB-01    00000001      01000013)
[    0.000000] ACPI: FACP 0x00000000A7FEA000 00010C (v05 LENOVO CB-01    00000001 ACPI 00040000)
[    0.000000] ACPI: DSDT 0x00000000A7FD3000 012AE5 (v02 LENOVO CB-01    00000001 ACPI 00040000)
[    0.000000] ACPI: FACS 0x00000000A7F45000 000040
[    0.000000] ACPI: TCPA 0x00000000A7FFC000 000032 (v02 LENOVO CB-01    00000001 ACPI 00040000)
[    0.000000] ACPI: UEFI 0x00000000A7FFB000 000236 (v01 LENOVO CB-01    00000001 ACPI 00040000)
[    0.000000] ACPI: UEFI 0x00000000A7FFA000 000042 (v01 LENOVO CB-01    00000001 ACPI 00040000)
[    0.000000] ACPI: SSDT 0x00000000A7FF9000 0004B7 (v02 LENOVO CB-01    00000001 ACPI 00040000)
[    0.000000] ACPI: SSDT 0x00000000A7FF8000 00004B (v02 LENOVO CB-01    00000001 ACPI 00040000)
[    0.000000] ACPI: TPM2 0x00000000A7FF7000 000034 (v03 LENOVO CB-01    00000001 ACPI 00040000)
[    0.000000] ACPI: SSDT 0x00000000A7FF1000 004D33 (v02 LENOVO CB-01    00000001 ACPI 00040000)
[    0.000000] ACPI: DBGP 0x00000000A7FF0000 000034 (v01 LENOVO CB-01    00000001 ACPI 00040000)
[    0.000000] ACPI: DBG2 0x00000000A7FEF000 000054 (v00 LENOVO CB-01    00000001 ACPI 00040000)
[    0.000000] ACPI: ASF! 0x00000000A7FEE000 0000A5 (v32 LENOVO CB-01    00000001 ACPI 00040000)
[    0.000000] ACPI: ASPT 0x00000000A7FED000 000034 (v07 LENOVO CB-01    00000001 ACPI 00040000)
[    0.000000] ACPI: BOOT 0x00000000A7FEC000 000028 (v01 LENOVO CB-01    00000001 ACPI 00040000)
[    0.000000] ACPI: DBGP 0x00000000A7FEB000 000034 (v01 LENOVO CB-01    00000001 ACPI 00040000)
[    0.000000] ACPI: HPET 0x00000000A7FE9000 000038 (v01 LENOVO CB-01    00000001 ACPI 00040000)
[    0.000000] ACPI: LPIT 0x00000000A7FE8000 000094 (v01 LENOVO CB-01    00000001 ACPI 00040000)
[    0.000000] ACPI: APIC 0x00000000A7FE7000 0000BC (v03 LENOVO CB-01    00000001 ACPI 00040000)
[    0.000000] ACPI: MCFG 0x00000000A7FE6000 00003C (v01 LENOVO CB-01    00000001 ACPI 00040000)
[    0.000000] ACPI: SSDT 0x00000000A7FD2000 0002D4 (v01 LENOVO CB-01    00000001 ACPI 00040000)
[    0.000000] ACPI: SSDT 0x00000000A7FD1000 00019A (v02 LENOVO CB-01    00000001 ACPI 00040000)
[    0.000000] ACPI: SSDT 0x00000000A7FD0000 0001B1 (v02 LENOVO CB-01    00000001 ACPI 00040000)
[    0.000000] ACPI: SSDT 0x00000000A7FCE000 000B49 (v02 LENOVO CB-01    00000001 ACPI 00040000)
[    0.000000] ACPI: SSDT 0x00000000A7FCD000 000024 (v02 LENOVO CB-01    00000001 ACPI 00040000)
[    0.000000] ACPI: SSDT 0x00000000A7FCC000 000E58 (v02 LENOVO CB-01    00000001 ACPI 00040000)
[    0.000000] ACPI: DMAR 0x00000000A7FCB000 0000A8 (v01 LENOVO CB-01    00000001 ACPI 00040000)
[    0.000000] ACPI: FPDT 0x00000000A7FCA000 000044 (v01 LENOVO CB-01    00000001 ACPI 00040000)
[    0.000000] ACPI: Local APIC address 0xfee00000
[    0.000000] No NUMA configuration found
[    0.000000] Faking a node at [mem 0x0000000000000000-0x00000002527fffff]
[    0.000000] NODE_DATA(0) allocated [mem 0x2527f9000-0x2527fdfff]
[    0.000000] Zone ranges:
[    0.000000]   DMA      [mem 0x0000000000001000-0x0000000000ffffff]
[    0.000000]   DMA32    [mem 0x0000000001000000-0x00000000ffffffff]
[    0.000000]   Normal   [mem 0x0000000100000000-0x00000002527fffff]
[    0.000000]   Device   empty
[    0.000000] Movable zone start for each node
[    0.000000] Early memory node ranges
[    0.000000]   node   0: [mem 0x0000000000001000-0x000000000009dfff]
[    0.000000]   node   0: [mem 0x0000000000100000-0x000000008e879fff]
[    0.000000]   node   0: [mem 0x000000008e8a5000-0x000000008e952fff]
[    0.000000]   node   0: [mem 0x000000008f353000-0x00000000a5567fff]
[    0.000000]   node   0: [mem 0x00000000a7ffe000-0x00000000a7ffefff]
[    0.000000]   node   0: [mem 0x0000000100000000-0x00000002527fffff]
[    0.000000] Initmem setup node 0 [mem 0x0000000000001000-0x00000002527fffff]
[    0.000000] On node 0 totalpages: 2061019
[    0.000000]   DMA zone: 64 pages used for memmap
[    0.000000]   DMA zone: 21 pages reserved
[    0.000000]   DMA zone: 3997 pages, LIFO batch:0
[    0.000000]   DMA32 zone: 10477 pages used for memmap
[    0.000000]   DMA32 zone: 670526 pages, LIFO batch:31
[    0.000000]   Normal zone: 21664 pages used for memmap
[    0.000000]   Normal zone: 1386496 pages, LIFO batch:31
[    0.000000] Reserved but unavailable: 99 pages
[    0.000000] Reserving Intel graphics memory at [mem 0xaa800000-0xac7fffff]
[    0.000000] ACPI: PM-Timer IO Port: 0x1808
[    0.000000] ACPI: Local APIC address 0xfee00000
[    0.000000] ACPI: LAPIC_NMI (acpi_id[0x01] high edge lint[0x1])
[    0.000000] ACPI: LAPIC_NMI (acpi_id[0x02] high edge lint[0x1])
[    0.000000] ACPI: LAPIC_NMI (acpi_id[0x03] high edge lint[0x1])
[    0.000000] ACPI: LAPIC_NMI (acpi_id[0x04] high edge lint[0x1])
[    0.000000] ACPI: LAPIC_NMI (acpi_id[0x05] high edge lint[0x1])
[    0.000000] ACPI: LAPIC_NMI (acpi_id[0x06] high edge lint[0x1])
[    0.000000] ACPI: LAPIC_NMI (acpi_id[0x07] high edge lint[0x1])
[    0.000000] ACPI: LAPIC_NMI (acpi_id[0x08] high edge lint[0x1])
[    0.000000] IOAPIC[0]: apic_id 2, version 32, address 0xfec00000, GSI 0-119
[    0.000000] ACPI: INT_SRC_OVR (bus 0 bus_irq 0 global_irq 2 dfl dfl)
[    0.000000] ACPI: INT_SRC_OVR (bus 0 bus_irq 9 global_irq 9 high level)
[    0.000000] ACPI: IRQ0 used by override.
[    0.000000] ACPI: IRQ9 used by override.
[    0.000000] Using ACPI (MADT) for SMP configuration information
[    0.000000] ACPI: HPET id: 0x8086a201 base: 0xfed00000
[    0.000000] smpboot: Allowing 4 CPUs, 0 hotplug CPUs
[    0.000000] PM: Registered nosave memory: [mem 0x00000000-0x00000fff]
[    0.000000] PM: Registered nosave memory: [mem 0x0009e000-0x0009efff]
[    0.000000] PM: Registered nosave memory: [mem 0x0009f000-0x0009ffff]
[    0.000000] PM: Registered nosave memory: [mem 0x000a0000-0x000dffff]
[    0.000000] PM: Registered nosave memory: [mem 0x000e0000-0x000fffff]
[    0.000000] PM: Registered nosave memory: [mem 0x8e87a000-0x8e87afff]
[    0.000000] PM: Registered nosave memory: [mem 0x8e87b000-0x8e8a4fff]
[    0.000000] PM: Registered nosave memory: [mem 0x8e953000-0x8f352fff]
[    0.000000] PM: Registered nosave memory: [mem 0xa5568000-0xa5f57fff]
[    0.000000] PM: Registered nosave memory: [mem 0xa5f58000-0xa7f57fff]
[    0.000000] PM: Registered nosave memory: [mem 0xa7f58000-0xa7ffdfff]
[    0.000000] PM: Registered nosave memory: [mem 0xa7fff000-0xa80fffff]
[    0.000000] PM: Registered nosave memory: [mem 0xa8100000-0xa8ffffff]
[    0.000000] PM: Registered nosave memory: [mem 0xa9000000-0xac7fffff]
[    0.000000] PM: Registered nosave memory: [mem 0xac800000-0xdfffffff]
[    0.000000] PM: Registered nosave memory: [mem 0xe0000000-0xefffffff]
[    0.000000] PM: Registered nosave memory: [mem 0xf0000000-0xfcffffff]
[    0.000000] PM: Registered nosave memory: [mem 0xfd000000-0xfe7fffff]
[    0.000000] PM: Registered nosave memory: [mem 0xfe800000-0xfeafffff]
[    0.000000] PM: Registered nosave memory: [mem 0xfeb00000-0xfeb03fff]
[    0.000000] PM: Registered nosave memory: [mem 0xfeb04000-0xfebfffff]
[    0.000000] PM: Registered nosave memory: [mem 0xfec00000-0xfec00fff]
[    0.000000] PM: Registered nosave memory: [mem 0xfec01000-0xfecfffff]
[    0.000000] PM: Registered nosave memory: [mem 0xfed00000-0xfed00fff]
[    0.000000] PM: Registered nosave memory: [mem 0xfed01000-0xfed0ffff]
[    0.000000] PM: Registered nosave memory: [mem 0xfed10000-0xfed19fff]
[    0.000000] PM: Registered nosave memory: [mem 0xfed1a000-0xfed83fff]
[    0.000000] PM: Registered nosave memory: [mem 0xfed84000-0xfed84fff]
[    0.000000] PM: Registered nosave memory: [mem 0xfed85000-0xfedfffff]
[    0.000000] PM: Registered nosave memory: [mem 0xfee00000-0xfee00fff]
[    0.000000] PM: Registered nosave memory: [mem 0xfee01000-0xff9fffff]
[    0.000000] PM: Registered nosave memory: [mem 0xffa00000-0xffffffff]
[    0.000000] e820: [mem 0xac800000-0xdfffffff] available for PCI devices
[    0.000000] Booting paravirtualized kernel on bare hardware
[    0.000000] clocksource: refined-jiffies: mask: 0xffffffff max_cycles: 0xffffffff, max_idle_ns: 7645519600211568 ns
[    0.000000] random: get_random_bytes called from start_kernel+0x94/0x4f1 with crng_init=0
[    0.000000] setup_percpu: NR_CPUS:512 nr_cpumask_bits:512 nr_cpu_ids:4 nr_node_ids:1
[    0.000000] percpu: Embedded 45 pages/cpu @        (ptrval) s146200 r8192 d29928 u524288
[    0.000000] pcpu-alloc: s146200 r8192 d29928 u524288 alloc=1*2097152
[    0.000000] pcpu-alloc: [0] 0 1 2 3 
[    0.000000] Built 1 zonelists, mobility grouping on.  Total pages: 2028793
[    0.000000] Policy zone: Normal
[    0.000000] Kernel command line: BOOT_IMAGE=/boot/vmlinuz-4.17.0-task5-00001-g662698d-dirty root=UUID=0307c042-1dac-4a6c-83e2-d1ad3d92fe11 ro quiet splash
[    0.000000] Calgary: detecting Calgary via BIOS EBDA area
[    0.000000] Calgary: Unable to locate Rio Grande table in EBDA - bailing!
[    0.000000] Memory: 8001732K/8244076K available (12300K kernel code, 1560K rwdata, 3884K rodata, 1696K init, 1144K bss, 242344K reserved, 0K cma-reserved)
[    0.000000] SLUB: HWalign=64, Order=0-3, MinObjects=0, CPUs=4, Nodes=1
[    0.000000] Kernel/User page tables isolation: enabled
[    0.000000] ftrace: allocating 38223 entries in 150 pages
[    0.000000] Hierarchical RCU implementation.
[    0.000000] 	RCU restricting CPUs from NR_CPUS=512 to nr_cpu_ids=4.
[    0.000000] RCU: Adjusting geometry for rcu_fanout_leaf=16, nr_cpu_ids=4
[    0.000000] NR_IRQS: 33024, nr_irqs: 1024, preallocated irqs: 16
[    0.000000] Console: colour VGA+ 80x25
[    0.000000] console [tty0] enabled
[    0.000000] ACPI: Core revision 20180313
[    0.000000] clocksource: hpet: mask: 0xffffffff max_cycles: 0xffffffff, max_idle_ns: 79635855245 ns
[    0.000000] hpet clockevent registered
[    0.004000] APIC: Switch to symmetric I/O mode setup
[    0.004000] DMAR: Host address width 39
[    0.004000] DMAR: DRHD base: 0x000000fed90000 flags: 0x0
[    0.004000] DMAR: dmar0: reg_base_addr fed90000 ver 1:0 cap 1c0000c40660462 ecap 7e3ff0505e
[    0.004000] DMAR: DRHD base: 0x000000fed91000 flags: 0x1
[    0.004000] DMAR: dmar1: reg_base_addr fed91000 ver 1:0 cap d2008c40660462 ecap f050da
[    0.004000] DMAR: RMRR base: 0x000000a5e54000 end: 0x000000a5e73fff
[    0.004000] DMAR: RMRR base: 0x000000aa000000 end: 0x000000ac7fffff
[    0.004000] DMAR-IR: IOAPIC id 2 under DRHD base  0xfed91000 IOMMU 1
[    0.004000] DMAR-IR: HPET id 0 under DRHD base 0xfed91000
[    0.004000] DMAR-IR: x2apic is disabled because BIOS sets x2apic opt out bit.
[    0.004000] DMAR-IR: Use 'intremap=no_x2apic_optout' to override the BIOS setting.
[    0.004000] DMAR-IR: Enabled IRQ remapping in xapic mode
[    0.004000] x2apic: IRQ remapping doesn't support X2APIC mode
[    0.008000] ..TIMER: vector=0x30 apic1=0 pin1=2 apic2=-1 pin2=-1
[    0.028000] tsc: Detected 2400.000 MHz processor
[    0.028000] clocksource: tsc-early: mask: 0xffffffffffffffff max_cycles: 0x22983777dd9, max_idle_ns: 440795300422 ns
[    0.028000] Calibrating delay loop (skipped), value calculated using timer frequency.. 4800.00 BogoMIPS (lpj=9600000)
[    0.028000] pid_max: default: 32768 minimum: 301
[    0.028000] Security Framework initialized
[    0.028000] Yama: becoming mindful.
[    0.028000] AppArmor: AppArmor initialized
[    0.028000] Dentry cache hash table entries: 1048576 (order: 11, 8388608 bytes)
[    0.028000] Inode-cache hash table entries: 524288 (order: 10, 4194304 bytes)
[    0.028000] Mount-cache hash table entries: 16384 (order: 5, 131072 bytes)
[    0.028000] Mountpoint-cache hash table entries: 16384 (order: 5, 131072 bytes)
[    0.028000] CPU: Physical Processor ID: 0
[    0.028000] CPU: Processor Core ID: 0
[    0.028000] ENERGY_PERF_BIAS: Set to 'normal', was 'performance'
[    0.028000] ENERGY_PERF_BIAS: View and update with x86_energy_perf_policy(8)
[    0.028000] mce: CPU supports 8 MCE banks
[    0.028000] CPU0: Thermal monitoring enabled (TM1)
[    0.028000] process: using mwait in idle threads
[    0.028000] Last level iTLB entries: 4KB 64, 2MB 8, 4MB 8
[    0.028000] Last level dTLB entries: 4KB 64, 2MB 0, 4MB 0, 1GB 4
[    0.028000] Spectre V2 : Mitigation: Full generic retpoline
[    0.028000] Spectre V2 : Spectre v2 mitigation: Filling RSB on context switch
[    0.028000] Freeing SMP alternatives memory: 36K
[    0.032066] TSC deadline timer enabled
[    0.032070] smpboot: CPU0: Intel(R) Core(TM) i5-6200U CPU @ 2.30GHz (family: 0x6, model: 0x4e, stepping: 0x3)
[    0.032130] Performance Events: PEBS fmt3+, Skylake events, 32-deep LBR, full-width counters, Intel PMU driver.
[    0.032155] ... version:                4
[    0.032156] ... bit width:              48
[    0.032156] ... generic registers:      4
[    0.032157] ... value mask:             0000ffffffffffff
[    0.032157] ... max period:             00007fffffffffff
[    0.032158] ... fixed-purpose events:   3
[    0.032158] ... event mask:             000000070000000f
[    0.032189] Hierarchical SRCU implementation.
[    0.032948] NMI watchdog: Enabled. Permanently consumes one hw-PMU counter.
[    0.032959] smp: Bringing up secondary CPUs ...
[    0.033015] x86: Booting SMP configuration:
[    0.033016] .... node  #0, CPUs:      #1 #2 #3
[    0.034718] smp: Brought up 1 node, 4 CPUs
[    0.034718] smpboot: Max logical packages: 1
[    0.034718] smpboot: Total of 4 processors activated (19200.00 BogoMIPS)
[    0.036288] devtmpfs: initialized
[    0.036288] x86/mm: Memory block size: 128MB
[    0.036502] evm: security.selinux
[    0.036503] evm: security.SMACK64
[    0.036503] evm: security.SMACK64EXEC
[    0.036504] evm: security.SMACK64TRANSMUTE
[    0.036504] evm: security.SMACK64MMAP
[    0.036504] evm: security.apparmor
[    0.036505] evm: security.ima
[    0.036505] evm: security.capability
[    0.036516] PM: Registering ACPI NVS region [mem 0x8e87a000-0x8e87afff] (4096 bytes)
[    0.036516] PM: Registering ACPI NVS region [mem 0xa5f58000-0xa7f57fff] (33554432 bytes)
[    0.036516] clocksource: jiffies: mask: 0xffffffff max_cycles: 0xffffffff, max_idle_ns: 7645041785100000 ns
[    0.036516] futex hash table entries: 1024 (order: 4, 65536 bytes)
[    0.036516] pinctrl core: initialized pinctrl subsystem
[    0.036529] RTC time: 16:16:09, date: 06/01/18
[    0.036568] NET: Registered protocol family 16
[    0.036632] audit: initializing netlink subsys (disabled)
[    0.036636] audit: type=2000 audit(1527869769.036:1): state=initialized audit_enabled=0 res=1
[    0.036636] cpuidle: using governor ladder
[    0.036636] cpuidle: using governor menu
[    0.036636] Simple Boot Flag at 0x44 set to 0x1
[    0.036636] ACPI FADT declares the system doesn't support PCIe ASPM, so disable it
[    0.036636] ACPI: bus type PCI registered
[    0.036636] acpiphp: ACPI Hot Plug PCI Controller Driver version: 0.5
[    0.036636] PCI: MMCONFIG for domain 0000 [bus 00-ff] at [mem 0xe0000000-0xefffffff] (base 0xe0000000)
[    0.036636] PCI: MMCONFIG at [mem 0xe0000000-0xefffffff] reserved in E820
[    0.036636] pmd_set_huge: Cannot satisfy [mem 0xe0000000-0xe0200000] with a huge-page mapping due to MTRR override.
[    0.036636] PCI: Using configuration type 1 for base access
[    0.036920] HugeTLB registered 1.00 GiB page size, pre-allocated 0 pages
[    0.036920] HugeTLB registered 2.00 MiB page size, pre-allocated 0 pages
[    0.036920] ACPI: Added _OSI(Module Device)
[    0.036920] ACPI: Added _OSI(Processor Device)
[    0.036920] ACPI: Added _OSI(3.0 _SCP Extensions)
[    0.036920] ACPI: Added _OSI(Processor Aggregator Device)
[    0.036920] ACPI: Added _OSI(Linux-Dell-Video)
[    0.058022] ACPI: 10 ACPI AML tables successfully acquired and loaded
[    0.061860] ACPI: [Firmware Bug]: BIOS _OSI(Linux) query ignored
[    0.063985] ACPI: Dynamic OEM Table Load:
[    0.064005] ACPI: SSDT 0xFFFF942F48013800 000612 (v02 PmRef  Cpu0Ist  00003000 INTL 20130117)
[    0.064052] ACPI: \_PR_.CPU0: _OSC native thermal LVT Acked
[    0.064719] ACPI: Dynamic OEM Table Load:
[    0.064726] ACPI: SSDT 0xFFFF942F4801B400 00037F (v02 PmRef  Cpu0Cst  00003001 INTL 20130117)
[    0.065430] ACPI: Dynamic OEM Table Load:
[    0.065437] ACPI: SSDT 0xFFFF942F48014000 0005AA (v02 PmRef  ApIst    00003000 INTL 20130117)
[    0.065881] ACPI: Dynamic OEM Table Load:
[    0.065886] ACPI: SSDT 0xFFFF942F481F4000 000119 (v02 PmRef  ApCst    00003000 INTL 20130117)
[    0.067211] ACPI: EC: EC started
[    0.067212] ACPI: EC: interrupt blocked
[    0.067530] ACPI: \_SB_.PCI0.LPCB.EC0_: Used as first EC
[    0.067531] ACPI: \_SB_.PCI0.LPCB.EC0_: GPE=0x50, EC_CMD/EC_SC=0x66, EC_DATA=0x62
[    0.067533] ACPI: \_SB_.PCI0.LPCB.EC0_: Used as boot DSDT EC to handle transactions
[    0.067533] ACPI: Interpreter enabled
[    0.067566] ACPI: (supports S0 S3 S4 S5)
[    0.067567] ACPI: Using IOAPIC for interrupt routing
[    0.067595] PCI: Using host bridge windows from ACPI; if necessary, use "pci=nocrs" and report a bug
[    0.068145] ACPI: Enabled 7 GPEs in block 00 to 7F
[    0.077994] ACPI: PCI Root Bridge [PCI0] (domain 0000 [bus 00-fe])
[    0.077998] acpi PNP0A08:00: _OSC: OS supports [ExtendedConfig ASPM ClockPM Segments MSI]
[    0.078024] acpi PNP0A08:00: _OSC failed (AE_ERROR); disabling ASPM
[    0.079313] PCI host bridge to bus 0000:00
[    0.079315] pci_bus 0000:00: root bus resource [io  0x0000-0x0cf7 window]
[    0.079316] pci_bus 0000:00: root bus resource [io  0x0d00-0xffff window]
[    0.079317] pci_bus 0000:00: root bus resource [mem 0x000a0000-0x000bffff window]
[    0.079318] pci_bus 0000:00: root bus resource [mem 0xac800000-0xdfffffff window]
[    0.079319] pci_bus 0000:00: root bus resource [mem 0xfd000000-0xfe7fffff window]
[    0.079321] pci_bus 0000:00: root bus resource [bus 00-fe]
[    0.079328] pci 0000:00:00.0: [8086:1904] type 00 class 0x060000
[    0.079829] pci 0000:00:02.0: [8086:1916] type 00 class 0x030000
[    0.079839] pci 0000:00:02.0: reg 0x10: [mem 0xc0000000-0xc0ffffff 64bit]
[    0.079844] pci 0000:00:02.0: reg 0x18: [mem 0xb0000000-0xbfffffff 64bit pref]
[    0.079848] pci 0000:00:02.0: reg 0x20: [io  0x4000-0x403f]
[    0.080417] pci 0000:00:14.0: [8086:9d2f] type 00 class 0x0c0330
[    0.080440] pci 0000:00:14.0: reg 0x10: [mem 0xc1300000-0xc130ffff 64bit]
[    0.080508] pci 0000:00:14.0: PME# supported from D3hot D3cold
[    0.081016] pci 0000:00:14.2: [8086:9d31] type 00 class 0x118000
[    0.081038] pci 0000:00:14.2: reg 0x10: [mem 0xc132a000-0xc132afff 64bit]
[    0.081586] pci 0000:00:16.0: [8086:9d3a] type 00 class 0x078000
[    0.081613] pci 0000:00:16.0: reg 0x10: [mem 0xc132b000-0xc132bfff 64bit]
[    0.081688] pci 0000:00:16.0: PME# supported from D3hot
[    0.082206] pci 0000:00:17.0: [8086:9d03] type 00 class 0x010601
[    0.082225] pci 0000:00:17.0: reg 0x10: [mem 0xc1328000-0xc1329fff]
[    0.082232] pci 0000:00:17.0: reg 0x14: [mem 0xc132e000-0xc132e0ff]
[    0.082240] pci 0000:00:17.0: reg 0x18: [io  0x4080-0x4087]
[    0.082248] pci 0000:00:17.0: reg 0x1c: [io  0x4088-0x408b]
[    0.082256] pci 0000:00:17.0: reg 0x20: [io  0x4060-0x407f]
[    0.082263] pci 0000:00:17.0: reg 0x24: [mem 0xc132c000-0xc132c7ff]
[    0.082305] pci 0000:00:17.0: PME# supported from D3hot
[    0.082817] pci 0000:00:1c.0: [8086:9d14] type 01 class 0x060400
[    0.082887] pci 0000:00:1c.0: PME# supported from D0 D3hot D3cold
[    0.083411] pci 0000:00:1c.5: [8086:9d15] type 01 class 0x060400
[    0.083480] pci 0000:00:1c.5: PME# supported from D0 D3hot D3cold
[    0.084009] pci 0000:00:1d.0: [8086:9d18] type 01 class 0x060400
[    0.084077] pci 0000:00:1d.0: PME# supported from D0 D3hot D3cold
[    0.084627] pci 0000:00:1f.0: [8086:9d48] type 00 class 0x060100
[    0.085229] pci 0000:00:1f.2: [8086:9d21] type 00 class 0x058000
[    0.085245] pci 0000:00:1f.2: reg 0x10: [mem 0xc1324000-0xc1327fff]
[    0.085791] pci 0000:00:1f.3: [8086:9d70] type 00 class 0x040300
[    0.085820] pci 0000:00:1f.3: reg 0x10: [mem 0xc1320000-0xc1323fff 64bit]
[    0.085853] pci 0000:00:1f.3: reg 0x20: [mem 0xc1310000-0xc131ffff 64bit]
[    0.085904] pci 0000:00:1f.3: PME# supported from D3hot D3cold
[    0.086426] pci 0000:00:1f.4: [8086:9d23] type 00 class 0x0c0500
[    0.086485] pci 0000:00:1f.4: reg 0x10: [mem 0xc132d000-0xc132d0ff 64bit]
[    0.086554] pci 0000:00:1f.4: reg 0x20: [io  0x4040-0x405f]
[    0.087166] pci 0000:01:00.0: [10ec:8168] type 00 class 0x020000
[    0.087197] pci 0000:01:00.0: reg 0x10: [io  0x3000-0x30ff]
[    0.087224] pci 0000:01:00.0: reg 0x18: [mem 0xc1204000-0xc1204fff 64bit]
[    0.087241] pci 0000:01:00.0: reg 0x20: [mem 0xc1200000-0xc1203fff 64bit]
[    0.087336] pci 0000:01:00.0: supports D1 D2
[    0.087337] pci 0000:01:00.0: PME# supported from D0 D1 D2 D3hot D3cold
[    0.087454] pci 0000:00:1c.0: PCI bridge to [bus 01]
[    0.087456] pci 0000:00:1c.0:   bridge window [io  0x3000-0x3fff]
[    0.087459] pci 0000:00:1c.0:   bridge window [mem 0xc1200000-0xc12fffff]
[    0.087539] pci 0000:02:00.0: [8086:3166] type 00 class 0x028000
[    0.087600] pci 0000:02:00.0: reg 0x10: [mem 0xc1100000-0xc1101fff 64bit]
[    0.087805] pci 0000:02:00.0: PME# supported from D0 D3hot D3cold
[    0.087980] pci 0000:00:1c.5: PCI bridge to [bus 02]
[    0.087984] pci 0000:00:1c.5:   bridge window [mem 0xc1100000-0xc11fffff]
[    0.088046] pci 0000:03:00.0: [10ec:5229] type 00 class 0xff0000
[    0.088083] pci 0000:03:00.0: reg 0x10: [mem 0xc1000000-0xc1000fff]
[    0.088223] pci 0000:03:00.0: supports D1 D2
[    0.088224] pci 0000:03:00.0: PME# supported from D1 D2 D3hot
[    0.088341] pci 0000:00:1d.0: PCI bridge to [bus 03]
[    0.088345] pci 0000:00:1d.0:   bridge window [mem 0xc1000000-0xc10fffff]
[    0.088942] ACPI: PCI Interrupt Link [LNKA] (IRQs 3 4 5 6 10 *11 12 14 15)
[    0.088986] ACPI: PCI Interrupt Link [LNKB] (IRQs 3 4 5 6 *10 11 12 14 15)
[    0.089027] ACPI: PCI Interrupt Link [LNKC] (IRQs 3 4 5 6 10 *11 12 14 15)
[    0.089069] ACPI: PCI Interrupt Link [LNKD] (IRQs 3 4 5 6 10 *11 12 14 15)
[    0.089111] ACPI: PCI Interrupt Link [LNKE] (IRQs 3 4 5 6 10 *11 12 14 15)
[    0.089152] ACPI: PCI Interrupt Link [LNKF] (IRQs 3 4 5 6 10 *11 12 14 15)
[    0.089193] ACPI: PCI Interrupt Link [LNKG] (IRQs 3 4 5 6 10 *11 12 14 15)
[    0.089234] ACPI: PCI Interrupt Link [LNKH] (IRQs 3 4 5 6 10 *11 12 14 15)
[    0.089361] platform MSFT0101:00: failed to claim resource 1: [mem 0xfed40000-0xfed40fff]
[    0.089438] acpi MSFT0101:00: platform device creation failed: -16
[    0.089586] ACPI: EC: interrupt unblocked
[    0.089603] ACPI: EC: event unblocked
[    0.089614] ACPI: \_SB_.PCI0.LPCB.EC0_: GPE=0x50, EC_CMD/EC_SC=0x66, EC_DATA=0x62
[    0.089616] ACPI: \_SB_.PCI0.LPCB.EC0_: Used as boot DSDT EC to handle transactions and events
[    0.089660] pci 0000:00:02.0: vgaarb: setting as boot VGA device
[    0.089660] pci 0000:00:02.0: vgaarb: VGA device added: decodes=io+mem,owns=io+mem,locks=none
[    0.089660] pci 0000:00:02.0: vgaarb: bridge control possible
[    0.089660] vgaarb: loaded
[    0.089660] SCSI subsystem initialized
[    0.089660] libata version 3.00 loaded.
[    0.089660] ACPI: bus type USB registered
[    0.089660] usbcore: registered new interface driver usbfs
[    0.089660] usbcore: registered new interface driver hub
[    0.089660] usbcore: registered new device driver usb
[    0.089660] EDAC MC: Ver: 3.0.0
[    0.089660] PCI: Using ACPI for IRQ routing
[    0.114080] PCI: pci_cache_line_size set to 64 bytes
[    0.114163] e820: reserve RAM buffer [mem 0x0009e800-0x0009ffff]
[    0.114164] e820: reserve RAM buffer [mem 0x8e87a000-0x8fffffff]
[    0.114165] e820: reserve RAM buffer [mem 0x8e953000-0x8fffffff]
[    0.114166] e820: reserve RAM buffer [mem 0xa5568000-0xa7ffffff]
[    0.114167] e820: reserve RAM buffer [mem 0xa7fff000-0xa7ffffff]
[    0.114168] e820: reserve RAM buffer [mem 0x252800000-0x253ffffff]
[    0.116000] NetLabel: Initializing
[    0.116000] NetLabel:  domain hash size = 128
[    0.116000] NetLabel:  protocols = UNLABELED CIPSOv4 CALIPSO
[    0.116000] NetLabel:  unlabeled traffic allowed by default
[    0.116099] hpet0: at MMIO 0xfed00000, IRQs 2, 8, 0, 0, 0, 0, 0, 0
[    0.116103] hpet0: 8 comparators, 64-bit 24.000000 MHz counter
[    0.120013] clocksource: Switched to clocksource tsc-early
[    0.127347] VFS: Disk quotas dquot_6.6.0
[    0.127357] VFS: Dquot-cache hash table entries: 512 (order 0, 4096 bytes)
[    0.127444] AppArmor: AppArmor Filesystem Enabled
[    0.127459] pnp: PnP ACPI init
[    0.127543] system 00:00: [mem 0xfd000000-0xfdabffff] has been reserved
[    0.127545] system 00:00: [mem 0xfdad0000-0xfdadffff] has been reserved
[    0.127546] system 00:00: [mem 0xfdb00000-0xfdffffff] has been reserved
[    0.127548] system 00:00: [mem 0xfe000000-0xfe01ffff] has been reserved
[    0.127549] system 00:00: [mem 0xfe036000-0xfe03bfff] has been reserved
[    0.127550] system 00:00: [mem 0xfe03d000-0xfe3fffff] has been reserved
[    0.127551] system 00:00: [mem 0xfe410000-0xfe7fffff] has been reserved
[    0.127555] system 00:00: Plug and Play ACPI device, IDs PNP0c02 (active)
[    0.127665] system 00:01: [io  0x0680-0x069f] has been reserved
[    0.127666] system 00:01: [io  0xfd40-0xfd43] has been reserved
[    0.127668] system 00:01: [io  0xffff] has been reserved
[    0.127669] system 00:01: [io  0xffff] has been reserved
[    0.127671] system 00:01: [io  0xffff] has been reserved
[    0.127672] system 00:01: [io  0x1800-0x18fe] has been reserved
[    0.127673] system 00:01: [io  0x164e-0x164f] has been reserved
[    0.127676] system 00:01: Plug and Play ACPI device, IDs PNP0c02 (active)
[    0.127745] pnp 00:02: Plug and Play ACPI device, IDs PNP0b00 (active)
[    0.127772] system 00:03: [io  0x1854-0x1857] has been reserved
[    0.127775] system 00:03: Plug and Play ACPI device, IDs INT3f0d PNP0c02 (active)
[    0.127792] pnp 00:04: Plug and Play ACPI device, IDs PNP0303 (active)
[    0.127823] pnp 00:05: Plug and Play ACPI device, IDs SYN2b38 SYN2b00 SYN0002 PNP0f13 (active)
[    0.128108] system 00:06: [mem 0xfed10000-0xfed17fff] has been reserved
[    0.128110] system 00:06: [mem 0xfed18000-0xfed18fff] has been reserved
[    0.128111] system 00:06: [mem 0xfed19000-0xfed19fff] has been reserved
[    0.128112] system 00:06: [mem 0xe0000000-0xefffffff] has been reserved
[    0.128114] system 00:06: [mem 0xfed20000-0xfed3ffff] has been reserved
[    0.128115] system 00:06: [mem 0xfed90000-0xfed93fff] could not be reserved
[    0.128117] system 00:06: [mem 0xfed45000-0xfed8ffff] could not be reserved
[    0.128118] system 00:06: [mem 0xff000000-0xff000fff] has been reserved
[    0.128119] system 00:06: [mem 0xff010000-0xffffffff] could not be reserved
[    0.128121] system 00:06: [mem 0xfee00000-0xfeefffff] could not be reserved
[    0.128122] system 00:06: [mem 0xac800000-0xac81ffff] has been reserved
[    0.128125] system 00:06: Plug and Play ACPI device, IDs PNP0c02 (active)
[    0.128279] pnp: PnP ACPI: found 7 devices
[    0.133726] clocksource: acpi_pm: mask: 0xffffff max_cycles: 0xffffff, max_idle_ns: 2085701024 ns
[    0.133747] pci 0000:00:1c.0: PCI bridge to [bus 01]
[    0.133749] pci 0000:00:1c.0:   bridge window [io  0x3000-0x3fff]
[    0.133752] pci 0000:00:1c.0:   bridge window [mem 0xc1200000-0xc12fffff]
[    0.133758] pci 0000:00:1c.5: PCI bridge to [bus 02]
[    0.133761] pci 0000:00:1c.5:   bridge window [mem 0xc1100000-0xc11fffff]
[    0.133767] pci 0000:00:1d.0: PCI bridge to [bus 03]
[    0.133770] pci 0000:00:1d.0:   bridge window [mem 0xc1000000-0xc10fffff]
[    0.133776] pci_bus 0000:00: resource 4 [io  0x0000-0x0cf7 window]
[    0.133778] pci_bus 0000:00: resource 5 [io  0x0d00-0xffff window]
[    0.133779] pci_bus 0000:00: resource 6 [mem 0x000a0000-0x000bffff window]
[    0.133780] pci_bus 0000:00: resource 7 [mem 0xac800000-0xdfffffff window]
[    0.133781] pci_bus 0000:00: resource 8 [mem 0xfd000000-0xfe7fffff window]
[    0.133782] pci_bus 0000:01: resource 0 [io  0x3000-0x3fff]
[    0.133783] pci_bus 0000:01: resource 1 [mem 0xc1200000-0xc12fffff]
[    0.133785] pci_bus 0000:02: resource 1 [mem 0xc1100000-0xc11fffff]
[    0.133786] pci_bus 0000:03: resource 1 [mem 0xc1000000-0xc10fffff]
[    0.133866] NET: Registered protocol family 2
[    0.133948] tcp_listen_portaddr_hash hash table entries: 4096 (order: 4, 65536 bytes)
[    0.133969] TCP established hash table entries: 65536 (order: 7, 524288 bytes)
[    0.134051] TCP bind hash table entries: 65536 (order: 8, 1048576 bytes)
[    0.134153] TCP: Hash tables configured (established 65536 bind 65536)
[    0.134177] UDP hash table entries: 4096 (order: 5, 131072 bytes)
[    0.134195] UDP-Lite hash table entries: 4096 (order: 5, 131072 bytes)
[    0.134230] NET: Registered protocol family 1
[    0.134239] pci 0000:00:02.0: Video device with shadowed ROM at [mem 0x000c0000-0x000dffff]
[    0.135627] PCI: CLS 64 bytes, default 64
[    0.135651] Unpacking initramfs...
[    0.384053] Freeing initrd memory: 17876K
[    0.384081] PCI-DMA: Using software bounce buffering for IO (SWIOTLB)
[    0.384084] software IO TLB [mem 0xa1568000-0xa5568000] (64MB) mapped at [        (ptrval)-        (ptrval)]
[    0.384145] RAPL PMU: API unit is 2^-32 Joules, 5 fixed counters, 655360 ms ovfl timer
[    0.384146] RAPL PMU: hw unit of domain pp0-core 2^-14 Joules
[    0.384146] RAPL PMU: hw unit of domain package 2^-14 Joules
[    0.384147] RAPL PMU: hw unit of domain dram 2^-14 Joules
[    0.384147] RAPL PMU: hw unit of domain pp1-gpu 2^-14 Joules
[    0.384148] RAPL PMU: hw unit of domain psys 2^-14 Joules
[    0.384234] clocksource: tsc: mask: 0xffffffffffffffff max_cycles: 0x22983777dd9, max_idle_ns: 440795300422 ns
[    0.384243] clocksource: Switched to clocksource tsc
[    0.384311] Scanning for low memory corruption every 60 seconds
[    0.384821] Initialise system trusted keyrings
[    0.384845] workingset: timestamp_bits=40 max_order=21 bucket_order=0
[    0.385660] zbud: loaded
[    0.386040] squashfs: version 4.0 (2009/01/31) Phillip Lougher
[    0.386139] fuse init (API version 7.26)
[    0.386175] pstore: using deflate compression
[    0.386557] Key type asymmetric registered
[    0.386558] Asymmetric key parser 'x509' registered
[    0.386575] Block layer SCSI generic (bsg) driver version 0.4 loaded (major 247)
[    0.386601] io scheduler noop registered
[    0.386602] io scheduler deadline registered (default)
[    0.386641] io scheduler cfq registered
[    0.386641] io scheduler mq-deadline registered (default)
[    0.386642] io scheduler kyber registered
[    0.387032] intel_idle: MWAIT substates: 0x11142120
[    0.387033] intel_idle: v0.4.1 model 0x4E
[    0.387187] intel_idle: lapic_timer_reliable_states 0xffffffff
[    0.387256] ACPI: AC Adapter [ACAD] (on-line)
[    0.387300] input: Lid Switch as /devices/LNXSYSTM:00/LNXSYBUS:00/PNP0A08:00/device:17/PNP0C0D:00/input/input0
[    0.387305] ACPI: Lid Switch [LID0]
[    0.387333] input: Power Button as /devices/LNXSYSTM:00/LNXPWRBN:00/input/input1
[    0.387342] ACPI: Power Button [PWRF]
[    0.387619] ACPI: Invalid passive threshold
[    0.387709] thermal LNXTHERM:00: registered as thermal_zone0
[    0.387710] ACPI: Thermal Zone [TZ00] (55 C)
[    0.387825] Serial: 8250/16550 driver, 32 ports, IRQ sharing enabled
[    0.416172] ACPI: Battery Slot [BAT1] (battery present)
[    0.416282] Linux agpgart interface v0.103
[    0.444723] loop: module loaded
[    0.445028] libphy: Fixed MDIO Bus: probed
[    0.445029] tun: Universal TUN/TAP device driver, 1.6
[    0.445065] PPP generic driver version 2.4.2
[    0.445100] ehci_hcd: USB 2.0 'Enhanced' Host Controller (EHCI) Driver
[    0.445102] ehci-pci: EHCI PCI platform driver
[    0.445108] ehci-platform: EHCI generic platform driver
[    0.445115] ohci_hcd: USB 1.1 'Open' Host Controller (OHCI) Driver
[    0.445117] ohci-pci: OHCI PCI platform driver
[    0.445122] ohci-platform: OHCI generic platform driver
[    0.445127] uhci_hcd: USB Universal Host Controller Interface driver
[    0.445266] xhci_hcd 0000:00:14.0: xHCI Host Controller
[    0.445272] xhci_hcd 0000:00:14.0: new USB bus registered, assigned bus number 1
[    0.446338] xhci_hcd 0000:00:14.0: hcc params 0x200077c1 hci version 0x100 quirks 0x00109810
[    0.446343] xhci_hcd 0000:00:14.0: cache line size of 64 is not supported
[    0.446470] usb usb1: New USB device found, idVendor=1d6b, idProduct=0002, bcdDevice= 4.17
[    0.446471] usb usb1: New USB device strings: Mfr=3, Product=2, SerialNumber=1
[    0.446473] usb usb1: Product: xHCI Host Controller
[    0.446474] usb usb1: Manufacturer: Linux 4.17.0-task5-00001-g662698d-dirty xhci-hcd
[    0.446475] usb usb1: SerialNumber: 0000:00:14.0
[    0.446553] hub 1-0:1.0: USB hub found
[    0.446567] hub 1-0:1.0: 12 ports detected
[    0.447245] xhci_hcd 0000:00:14.0: xHCI Host Controller
[    0.447248] xhci_hcd 0000:00:14.0: new USB bus registered, assigned bus number 2
[    0.447250] xhci_hcd 0000:00:14.0: Host supports USB 3.0  SuperSpeed
[    0.447278] usb usb2: New USB device found, idVendor=1d6b, idProduct=0003, bcdDevice= 4.17
[    0.447279] usb usb2: New USB device strings: Mfr=3, Product=2, SerialNumber=1
[    0.447281] usb usb2: Product: xHCI Host Controller
[    0.447282] usb usb2: Manufacturer: Linux 4.17.0-task5-00001-g662698d-dirty xhci-hcd
[    0.447283] usb usb2: SerialNumber: 0000:00:14.0
[    0.447352] hub 2-0:1.0: USB hub found
[    0.447362] hub 2-0:1.0: 6 ports detected
[    0.447713] usb: port power management may be unreliable
[    0.447902] i8042: PNP: PS/2 Controller [PNP0303:PS2K,PNP0f13:MSS0] at 0x60,0x64 irq 1,12
[    0.454701] serio: i8042 KBD port at 0x60,0x64 irq 1
[    0.454705] serio: i8042 AUX port at 0x60,0x64 irq 12
[    0.454849] mousedev: PS/2 mouse device common for all mice
[    0.455046] rtc_cmos 00:02: RTC can wake from S4
[    0.455510] rtc_cmos 00:02: registered as rtc0
[    0.455522] rtc_cmos 00:02: alarms up to one month, y3k, 242 bytes nvram, hpet irqs
[    0.455528] i2c /dev entries driver
[    0.455563] device-mapper: uevent: version 1.0.3
[    0.455639] device-mapper: ioctl: 4.39.0-ioctl (2018-04-03) initialised: dm-devel@redhat.com
[    0.455642] intel_pstate: Intel P-state driver initializing
[    0.455815] intel_pstate: HWP enabled
[    0.455837] ledtrig-cpu: registered to indicate activity on CPUs
[    0.456077] NET: Registered protocol family 10
[    0.456224] Segment Routing with IPv6
[    0.456236] NET: Registered protocol family 17
[    0.456242] Key type dns_resolver registered
[    0.456390] microcode: sig=0x406e3, pf=0x80, revision=0xc2
[    0.456419] microcode: Microcode Update Driver: v2.2.
[    0.456426] sched_clock: Marking stable (456415688, 0)->(432318660, 24097028)
[    0.456628] registered taskstats version 1
[    0.456629] Loading compiled-in X.509 certificates
[    0.458695] Loaded X.509 cert 'Build time autogenerated kernel key: 02c91115620b92d41139d951d395b9197c1ce23a'
[    0.458708] zswap: loaded using pool lzo/zbud
[    0.460160] Key type trusted registered
[    0.461586] Key type encrypted registered
[    0.461588] AppArmor: AppArmor sha1 policy hashing enabled
[    0.468009] ima: Allocated hash algorithm: sha1
[    0.475935] input: AT Translated Set 2 keyboard as /devices/platform/i8042/serio0/input/input2
[    0.529051] evm: HMAC attrs: 0x1
[    0.529628]   Magic number: 6:490:286
[    0.529636] ppp ppp: hash matches
[    0.529776] rtc_cmos 00:02: setting system clock to 2018-06-01 16:16:09 UTC (1527869769)
[    0.531109] Freeing unused kernel memory: 1696K
[    0.531110] Write protecting the kernel read-only data: 18432k
[    0.531552] Freeing unused kernel memory: 2008K
[    0.531955] Freeing unused kernel memory: 212K
[    0.540809] random: systemd-udevd: uninitialized urandom read (16 bytes read)
[    0.540875] random: systemd-udevd: uninitialized urandom read (16 bytes read)
[    0.540883] random: systemd-udevd: uninitialized urandom read (16 bytes read)
[    0.594801] ahci 0000:00:17.0: version 3.0
[    0.605749] r8169 Gigabit Ethernet driver 2.3LK-NAPI loaded
[    0.605757] r8169 0000:01:00.0: can't disable ASPM; OS doesn't have ASPM control
[    0.607220] ahci 0000:00:17.0: AHCI 0001.0301 32 slots 2 ports 6 Gbps 0x3 impl SATA mode
[    0.607224] ahci 0000:00:17.0: flags: 64bit ncq led clo only pio slum part deso sadm sds apst 
[    0.607535] scsi host0: ahci
[    0.607654] scsi host1: ahci
[    0.607695] ata1: SATA max UDMA/133 abar m2048@0xc132c000 port 0xc132c100 irq 123
[    0.607697] ata2: SATA max UDMA/133 abar m2048@0xc132c000 port 0xc132c180 irq 123
[    0.617661] r8169 0000:01:00.0 eth0: RTL8168h/8111h at 0x        (ptrval), 1c:39:47:ae:3d:65, XID 14100800 IRQ 124
[    0.617663] r8169 0000:01:00.0 eth0: jumbo features [frames: 9200 bytes, tx checksumming: ko]
[    0.628682] r8169 0000:01:00.0 enp1s0: renamed from eth0
[    0.780199] usb 1-6: new full-speed USB device number 2 using xhci_hcd
[    0.920865] ata2: SATA link up 1.5 Gbps (SStatus 113 SControl 300)
[    0.920885] ata1: SATA link up 6.0 Gbps (SStatus 133 SControl 300)
[    0.924855] ata2.00: ATAPI: MATSHITA DVD-RAM UJ8HC, G801, max UDMA/100
[    0.927216] ata1.00: ATA-8: ST1000LM024 HN-M101MBB, 2BA30001, max UDMA/100
[    0.927218] ata1.00: 1953525168 sectors, multi 0: LBA48 NCQ (depth 31/32)
[    0.931210] usb 1-6: New USB device found, idVendor=138a, idProduct=0011, bcdDevice= 0.78
[    0.931212] usb 1-6: New USB device strings: Mfr=0, Product=0, SerialNumber=1
[    0.931213] usb 1-6: SerialNumber: 95bdd984bc28
[    0.931956] ata2.00: configured for UDMA/100
[    0.933496] ata1.00: configured for UDMA/100
[    0.933718] scsi 0:0:0:0: Direct-Access     ATA      ST1000LM024 HN-M 0001 PQ: 0 ANSI: 5
[    0.934100] sd 0:0:0:0: Attached scsi generic sg0 type 0
[    0.934120] sd 0:0:0:0: [sda] 1953525168 512-byte logical blocks: (1.00 TB/932 GiB)
[    0.934122] sd 0:0:0:0: [sda] 4096-byte physical blocks
[    0.934132] sd 0:0:0:0: [sda] Write Protect is off
[    0.934134] sd 0:0:0:0: [sda] Mode Sense: 00 3a 00 00
[    0.934148] sd 0:0:0:0: [sda] Write cache: enabled, read cache: enabled, doesn't support DPO or FUA
[    0.935987] scsi 1:0:0:0: CD-ROM            MATSHITA DVD-RAM UJ8HC    G801 PQ: 0 ANSI: 5
[    0.998962]  sda: sda1 sda2 sda3 < sda5 sda6 sda7 >
[    0.999488] sd 0:0:0:0: [sda] Attached SCSI disk
[    1.015124] sr 1:0:0:0: [sr0] scsi3-mmc drive: 24x/24x writer dvd-ram cd/rw xa/form2 cdda tray
[    1.015125] cdrom: Uniform CD-ROM driver Revision: 3.20
[    1.015295] sr 1:0:0:0: Attached scsi CD-ROM sr0
[    1.015414] sr 1:0:0:0: Attached scsi generic sg1 type 5
[    1.060104] usb 1-7: new full-speed USB device number 3 using xhci_hcd
[    1.209195] usb 1-7: New USB device found, idVendor=8087, idProduct=0a2a, bcdDevice= 0.01
[    1.209197] usb 1-7: New USB device strings: Mfr=0, Product=0, SerialNumber=0
[    1.376893] random: fast init done
[    1.427397] psmouse serio1: synaptics: queried max coordinates: x [..5702], y [..4886]
[    1.463900] psmouse serio1: synaptics: queried min coordinates: x [1240..], y [964..]
[    1.532534] psmouse serio1: synaptics: Touchpad model: 1, fw: 8.1, id: 0x1e2b1, caps: 0xf00423/0x840300/0x2a800/0x0, board id: 2847, fw id: 1887746
[    1.577865] input: SynPS/2 Synaptics TouchPad as /devices/platform/i8042/serio1/input/input4
[    2.129129] EXT4-fs (sda5): mounted filesystem with ordered data mode. Opts: (null)
[    3.224081] random: crng init done
[    3.224083] random: 7 urandom warning(s) missed due to ratelimiting
[    3.248148] systemd[1]: systemd 229 running in system mode. (+PAM +AUDIT +SELINUX +IMA +APPARMOR +SMACK +SYSVINIT +UTMP +LIBCRYPTSETUP +GCRYPT +GNUTLS +ACL +XZ -LZ4 +SECCOMP +BLKID +ELFUTILS +KMOD -IDN)
[    3.268420] systemd[1]: Detected architecture x86-64.
[    3.284665] systemd[1]: Set hostname to <vkalyanam-Lenovo-B41-80>.
[    4.759986] systemd[1]: Reached target Encrypted Volumes.
[    4.760149] systemd[1]: Listening on fsck to fsckd communication Socket.
[    4.760156] systemd[1]: Reached target User and Group Name Lookups.
[    4.760186] systemd[1]: Listening on udev Control Socket.
[    4.760262] systemd[1]: Created slice System Slice.
[    4.760322] systemd[1]: Listening on Journal Audit Socket.
[    4.760353] systemd[1]: Started Forward Password Requests to Wall Directory Watch.
[    5.464768] lp: driver loaded but no devices found
[    5.492006] ppdev: user-space parallel port driver
[    8.925170] EXT4-fs (sda5): re-mounted. Opts: errors=remount-ro
[    9.174904] systemd-journald[215]: Received request to flush runtime journal from PID 1
[    9.552949] shpchp: Standard Hot Plug PCI Controller Driver version: 0.4
[    9.665217] mei_me 0000:00:16.0: enabling device (0000 -> 0002)
[   10.075614] input: Ideapad extra buttons as /devices/pci0000:00/0000:00:1f.0/PNP0C09:00/VPC2004:00/input/input5
[   10.522931] cfg80211: Loading compiled-in X.509 certificates for regulatory database
[   10.525109] cfg80211: Loaded X.509 cert 'sforshee: 00b28ddf47aef9cea7'
[   10.566945] cryptd: max_cpu_qlen set to 1000
[   10.865939] Bluetooth: Core ver 2.22
[   10.865950] NET: Registered protocol family 31
[   10.865951] Bluetooth: HCI device and connection manager initialized
[   10.865953] Bluetooth: HCI socket layer initialized
[   10.865954] Bluetooth: L2CAP socket layer initialized
[   10.865958] Bluetooth: SCO socket layer initialized
[   11.052802] AVX2 version of gcm_enc/dec engaged.
[   11.052803] AES CTR mode by8 optimization enabled
[   11.062742] platform regulatory.0: Direct firmware load for regulatory.db failed with error -2
[   11.062745] cfg80211: failed to load regulatory.db
[   11.250533] usbcore: registered new interface driver btusb
[   11.265041] Bluetooth: hci0: read Intel version: 370810011003110e23
[   11.265043] Bluetooth: hci0: Intel device is already patched. patch num: 23
[   11.751216] Intel(R) Wireless WiFi driver for Linux
[   11.751217] Copyright(c) 2003- 2015 Intel Corporation
[   12.174199] iwlwifi 0000:02:00.0: loaded firmware version 29.610311.0 op_mode iwlmvm
[   12.729729] snd_hda_codec_generic hdaudioC0D0: autoconfig for Generic: line_outs=1 (0x14/0x0/0x0/0x0/0x0) type:speaker
[   12.729731] snd_hda_codec_generic hdaudioC0D0:    speaker_outs=0 (0x0/0x0/0x0/0x0/0x0)
[   12.729733] snd_hda_codec_generic hdaudioC0D0:    hp_outs=1 (0x21/0x0/0x0/0x0/0x0)
[   12.729734] snd_hda_codec_generic hdaudioC0D0:    mono: mono_out=0x0
[   12.729735] snd_hda_codec_generic hdaudioC0D0:    inputs:
[   12.729736] snd_hda_codec_generic hdaudioC0D0:      Mic=0x19
[   12.729737] snd_hda_codec_generic hdaudioC0D0:      Internal Mic=0x12
[   12.832140] snd_hda_codec_hdmi hdaudioC0D2: No i915 binding for Intel HDMI/DP codec
[   12.832323] snd_hda_codec_hdmi hdaudioC0D2: No i915 binding for Intel HDMI/DP codec
[   12.833537] input: HDA Intel PCH Mic as /devices/pci0000:00/0000:00:1f.3/sound/card0/input6
[   12.833574] input: HDA Intel PCH Headphone as /devices/pci0000:00/0000:00:1f.3/sound/card0/input7
[   14.179337] intel_rapl: Found RAPL domain package
[   14.179338] intel_rapl: Found RAPL domain core
[   14.179339] intel_rapl: Found RAPL domain uncore
[   14.179340] intel_rapl: Found RAPL domain dram
[   14.836974] iwlwifi 0000:02:00.0: Detected Intel(R) Dual Band Wireless AC 3165, REV=0x210
[   14.854598] iwlwifi 0000:02:00.0: base HW address: e0:94:67:d7:da:39
[   15.340624] ieee80211 phy0: Selected rate control algorithm 'iwl-mvm-rs'
[   15.340816] thermal thermal_zone2: failed to read out thermal zone (-61)
[   16.030724] iwlwifi 0000:02:00.0 wlp2s0: renamed from wlan0
[   19.004869] audit: type=1400 audit(1527869787.972:2): apparmor="STATUS" operation="profile_load" profile="unconfined" name="/usr/bin/ubuntu-core-launcher" pid=674 comm="apparmor_parser"
[   19.092957] audit: type=1400 audit(1527869788.060:3): apparmor="STATUS" operation="profile_load" profile="unconfined" name="/sbin/dhclient" pid=671 comm="apparmor_parser"
[   19.092960] audit: type=1400 audit(1527869788.060:4): apparmor="STATUS" operation="profile_load" profile="unconfined" name="/usr/lib/NetworkManager/nm-dhcp-client.action" pid=671 comm="apparmor_parser"
[   19.092961] audit: type=1400 audit(1527869788.060:5): apparmor="STATUS" operation="profile_load" profile="unconfined" name="/usr/lib/NetworkManager/nm-dhcp-helper" pid=671 comm="apparmor_parser"
[   19.092963] audit: type=1400 audit(1527869788.060:6): apparmor="STATUS" operation="profile_load" profile="unconfined" name="/usr/lib/connman/scripts/dhclient-script" pid=671 comm="apparmor_parser"
[   19.126566] audit: type=1400 audit(1527869788.092:7): apparmor="STATUS" operation="profile_load" profile="unconfined" name="/usr/lib/lightdm/lightdm-guest-session" pid=670 comm="apparmor_parser"
[   19.126569] audit: type=1400 audit(1527869788.092:8): apparmor="STATUS" operation="profile_load" profile="unconfined" name="/usr/lib/lightdm/lightdm-guest-session//chromium" pid=670 comm="apparmor_parser"
[   19.208355] audit: type=1400 audit(1527869788.176:9): apparmor="STATUS" operation="profile_load" profile="unconfined" name="/usr/sbin/cups-browsed" pid=683 comm="apparmor_parser"
[   19.220311] audit: type=1400 audit(1527869788.188:10): apparmor="STATUS" operation="profile_load" profile="unconfined" name="webbrowser-app" pid=675 comm="apparmor_parser"
[   19.220314] audit: type=1400 audit(1527869788.188:11): apparmor="STATUS" operation="profile_load" profile="unconfined" name="webbrowser-app//oxide_helper" pid=675 comm="apparmor_parser"
[   19.307413] Adding 8242172k swap on /dev/sda6.  Priority:-2 extents:1 across:8242172k FS
[   23.735555] Bluetooth: BNEP (Ethernet Emulation) ver 1.3
[   23.735556] Bluetooth: BNEP filters: protocol multicast
[   23.735559] Bluetooth: BNEP socket layer initialized
[   28.649107] IPv6: ADDRCONF(NETDEV_UP): wlp2s0: link is not ready
[   28.754172] IPv6: ADDRCONF(NETDEV_UP): wlp2s0: link is not ready
[   28.756562] IPv6: ADDRCONF(NETDEV_UP): enp1s0: link is not ready
[   29.046822] r8169 0000:01:00.0 enp1s0: link down
[   29.046908] IPv6: ADDRCONF(NETDEV_UP): enp1s0: link is not ready
[   30.394822] IPv6: ADDRCONF(NETDEV_UP): wlp2s0: link is not ready
[   42.358510] wlp2s0: authenticate with 80:37:73:b0:b5:ec
[   42.361216] wlp2s0: send auth to 80:37:73:b0:b5:ec (try 1/3)
[   42.363373] wlp2s0: authenticated
[   42.364016] wlp2s0: associate with 80:37:73:b0:b5:ec (try 1/3)
[   42.369049] wlp2s0: RX AssocResp from 80:37:73:b0:b5:ec (capab=0x431 status=0 aid=1)
[   42.369258] wlp2s0: AP has invalid WMM params (CWmin/max=15/1023 for ACI 0), using defaults
[   42.370480] wlp2s0: associated
[   42.775425] IPv6: ADDRCONF(NETDEV_CHANGE): wlp2s0: link becomes ready
[   48.863873] Bluetooth: RFCOMM TTY layer initialized
[   48.863878] Bluetooth: RFCOMM socket layer initialized
[   48.863883] Bluetooth: RFCOMM ver 1.11
[  120.202508] task_misc: loading out-of-tree module taints kernel.
[  120.202540] task_misc: module verification failed: signature and/or required key missing - tainting kernel
[  120.202857] Misc Char driver with minor number [55] registered
[  165.768599] Misc Char driver with minor number [55] unloaded
[  171.009851] Misc Char driver with minor number [55] registered
